// Jest Snapshot v1, https://goo.gl/fbAQLP

exports[`dev tests runs the page properly 1`] = `"<div id=\\"root\\"><div><h1>This example imports a Button from <code>e2e-ui</code> package:</h1><button class=\\"sc-AxjAm bcMPWx\\">A Button!</button></div></div>"`;
